// Jest Snapshot v1, https://goo.gl/fbAQLP

exports[`<App /> Snapshots should render. 1`] = `ShallowWrapper {}`;
