// Jest Snapshot v1, https://goo.gl/fbAQLP

exports[`<InputContainer /> Snapshots should render. 1`] = `ShallowWrapper {}`;
