// Jest Snapshot v1, https://goo.gl/fbAQLP

exports[`<Input /> Snapshots should render. 1`] = `ShallowWrapper {}`;
