// Jest Snapshot v1, https://goo.gl/fbAQLP

exports[`<TranslationsList /> Snapshots should render. 1`] = `ShallowWrapper {}`;
